# H3系统移植

​	本文主要用于记录，全志芯片H3, uboot, kernal, 设备树，根文件系统移植过程。

## 移植U-BOOT

​	使用的u-bbot 是友善之臂提供的， 库存地址为 https://github.com/friendlyarm/u-boot.git 

### 1, 下载u-boot

```bash
# 克隆并切换分支
git clone https://github.com/friendlyarm/u-boot.git -b sunxi-v2017.x --depth 1
```

### 2, 编译u-boot

​	H3 属于armv7构架， 根据平台选择相应的交叉编译平台, 编译成功后， 会在当前目录生成u-boot-sunxi-swith-spl.bin目标文件。

```bash
$ apt-get install swig python-dev python3-dev
$ cd u-boot
$ make nanopi_h3_defconfig ARCH=arm CROSS_COMPILE=arm-linux-gnueabihf-
$ make ARCH=arm CROSS_COMPILE=arm-linux-gnueabihf-
```

### 3, 移植u-boot到sd卡

```bash
$ cd u-boot
$ sudo dd if=u-boot-sunxi-with-spl.bin of=/dev/sdb bs=1024 seek=8
$ sudo dd if=u-boot.img of=/dev/sdb bs=1024 seek=40
```

## 制作SD分区卡

​	准备一片空白的SD卡,  利用fdisk命令，将SD卡分成两个区boot (fat), footfs(ext4), fat, ext4, 是对应分区的文件系统格式。boot分区大小为200M, SD卡余下的内存大小用于footfs分区大小。SD 前24M用于uboot

```bash
Device     Boot  Start      End  Sectors  Size Id Type
/dev/sdb1        49152   458751   409600  200M 83 Linux		#49152起始扇区，每个扇区为512byte
/dev/sdb2       458752 62333951 61875200 29.5G 83 Linux		#
```



### 1,查看SD分区

​	/dev/sdb 对应SD卡挂载的设备，如果 不知道SD卡挂载的设备，可以通过suod fdisk -l 查看所有的设备信息。

```bash
sudo fdisk /dev/sdb

Welcome to fdisk (util-linux 2.27.1).
Changes will remain in memory only, until you decide to write them.
Be careful before using the write command.


Command (m for help): p
Disk /dev/sdb: 29.7 GiB, 31914983424 bytes, 62333952 sectors
Units: sectors of 1 * 512 = 512 bytes
Sector size (logical/physical): 512 bytes / 512 bytes
I/O size (minimum/optimal): 512 bytes / 512 bytes
Disklabel type: dos
Disk identifier: 0x37ef716d

Device     Boot  Start      End  Sectors  Size Id Type
/dev/sdb1         2048   411647   409600  200M  c W95 FAT32 (LBA)
/dev/sdb2       411648 62333951 61922304 29.5G 83 Linux
```

​	通过命令可以知道， SD卡下有两个分区，分别为/dev/sdb1 /dev/sdb2， 为了然后能更改分区，我们首先umount两个分区情况

```bash
sudo umount /dev/sdb1
sudo umount /dev/sdb2
```

### 2,删除SD原有分区

```bash
# 删除sdb1, sdb2 分区
Command (m for help): d
Partition number (1,2, default 2): 1

Partition 1 has been deleted.

Command (m for help): d
Selected partition 2
Partition 2 has been deleted.

# 查看删除后的分区情况
Command (m for help): p
Disk /dev/sdb: 29.7 GiB, 31914983424 bytes, 62333952 sectors
Units: sectors of 1 * 512 = 512 bytes
Sector size (logical/physical): 512 bytes / 512 bytes
I/O size (minimum/optimal): 512 bytes / 512 bytes
Disklabel type: dos
Disk identifier: 0x37ef716d
```

### 3, 创建SD分区

​	当前SD卡的内存总大小为29.7G, SD分区大小分别sdb1 200M, sdb2 29.5G

```bash
Command (m for help): n
Partition type
   p   primary (0 primary, 0 extended, 4 free)
   e   extended (container for logical partitions)
Select (default p): p
Partition number (1-4, default 1): 
First sector (2048-62333951, default 2048): 49152
Last sector, +sectors or +size{K,M,G,T,P} (2048-62333951, default 62333951): +200M

Created a new partition 1 of type 'Linux' and of size 200 MiB.

Command (m for help): n       
Partition type
   p   primary (1 primary, 0 extended, 3 free)
   e   extended (container for logical partitions)
Select (default p): p
Partition number (2-4, default 2): 
First sector (2048-62333951, default 2048): 458751

Sector 458751 is already allocated.
First sector (458752-62333951, default 458752): 
Last sector, +sectors or +size{K,M,G,T,P} (458752-62333951, default 62333951): 

Created a new partition 2 of type 'Linux' and of size 29.5 GiB.

Command (m for help): p
Disk /dev/sdb: 29.7 GiB, 31914983424 bytes, 62333952 sectors
Units: sectors of 1 * 512 = 512 bytes
Sector size (logical/physical): 512 bytes / 512 bytes
I/O size (minimum/optimal): 512 bytes / 512 bytes
Disklabel type: dos
Disk identifier: 0xaedfbb34

Device     Boot  Start      End  Sectors  Size Id Type
/dev/sdb1        49152   458751   409600  200M 83 Linux
/dev/sdb2       458752 62333951 61875200 29.5G 83 Linux


# 输入w选项，进入确认分区表。
Command (m for help): w
The partition table has been altered.
Calling ioctl() to re-read partition table.
Syncing disks.
```

### 4, 格式化分区表

​	需要格化分区表后，系统才可以识别分区信息。

```
sudo mkfs.vfat /dev/sdb1
sudo mkfs.ext4 /dev/sdb2
# 更新挂载表信息
sudo fatlabel /dev/sdb1 boot
sudo tune2fs /dev/sdb2 -L rootfs
```

### 5， 查看更新后的分区表

```bash
df -h
Filesystem      Size  Used Avail Use% Mounted on
udev            3.9G     0  3.9G   0% /dev
tmpfs           796M  9.4M  787M   2% /run
/dev/sda1        52G   28G   21G  57% /
tmpfs           3.9G  252K  3.9G   1% /dev/shm
tmpfs           5.0M  4.0K  5.0M   1% /run/lock
tmpfs           3.9G     0  3.9G   0% /sys/fs/cgroup
tmpfs           796M   96K  796M   1% /run/user/1000
/dev/sdb1       200M     0  200M   0% /media/fridy/boot
/dev/sdb2        29G   44M   28G   1% /media/fridy/rootfs

```

## 移植KERNAL

​	使用的kernal 是友善之臂提供的， 库存地址为https://github.com/friendlyarm/linux.git

### 1, 下载kernal 

```
git clone https://github.com/friendlyarm/linux.git -b sunxi-4.14.y --depth 1
```

### 2, 编译kernal 

```bash
$ apt-get install u-boot-tools
$ cd linux
$ touch .scmversion
$ make sunxi_defconfig ARCH=arm CROSS_COMPILE=arm-linux-gnueabihf-
$ make zImage dtbs ARCH=arm CROSS_COMPILE=arm-linux-gnueabihf-
```

### 3,编译理新模块

```bash
$ cd linux
$ make modules ARCH=arm CROSS_COMPILE=arm-linux-gnueabihf-
# /media/SD/rootfs/ 为sd挂载根文件系统路径
$ cd linux
$ make modules_install INSTALL_MOD_PATH=/media/SD/rootfs/ ARCH=arm CROSS_COMPILE=arm-linux-gnueabihf-
```

### 4,移植KERNAL到sd卡

```bash
# /media/SD/boot/ 为sd挂载启动文件路径
$ cp arch/arm/boot/zImage /media/SD/boot/
$ cp arch/arm/boot/dts/sun8i-h3-nanopi-neo.dtb /media/SD/boot/
```

## 生成boot.scr

​	u-boot在启动的时候会在第一个分区（FAT/extX格式）寻找/boot.scr或者/boot/boot.scr文件，boot.scr中可以包含用于载入script.bin，kernel，initrd（可选）以及设置内核启动参数的uboot命令。

1，创建boot.cmd文件

```
# Recompile with:
# mkimage -C none -A arm -T script -d boot.cmd boot.scr

setenv fsck.repair yes
setenv ramdisk rootfs.cpio.gz
setenv kernel zImage

setenv env_addr 0x45000000
setenv kernel_addr 0x46000000
setenv ramdisk_addr 0x47000000
setenv dtb_addr 0x48000000

fatload mmc 0 ${kernel_addr} ${kernel}
fatload mmc 0 ${ramdisk_addr} ${ramdisk}
fatload mmc 0 ${dtb_addr} sun8i-${cpu}-${board}.dtb
fdt addr ${dtb_addr}

# setup MAC address 
fdt set ethernet0 local-mac-address ${mac_node}

# setup XR819 MAC address
if test $board = nanopi-duo; then fdt set xr819 local-mac-address ${wifi_mac_node}; fi

# setup boot_device
fdt set mmc${boot_mmc} boot_device <1>

setenv fbcon map:0

setenv bootargs console=ttyS0,115200 earlyprintk root=/dev/mmcblk0p2 rootfstype=ext4 rw rootwait fsck.repair=${fsck.repair} panic=10 ${extra} fbcon=${fbcon}
bootz ${kernel_addr} ${ramdisk_addr}:500000 ${dtb_addr}
```

​	`console=ttyS0,115200 earlyprintk root=/dev/mmcblk0p2 rootfstype=ext4 rw rootwait fsck.repair=${fsck.repair} panic=10 ${extra} fbcon=${fbcon}`

- `console=ttyS0,115200` :串口ttyS0打印，波特率为 115200。
- `root=/dev/mmcblk0p2` :含义为指定rootfs的位置为TF卡第二个分区。
- `rootwait` ： 含义为等待设备/dev/mmcblk0p2就绪后才尝试挂载rootfs
- `panic=5` ：传递内核参数，当遇到panic（内核严重错误）时等待5秒后重启

### ２，生成boot.scr

```bash
#通过boot.cmd生成boot.scr
mkimage -C none -A arm -T script -d boot.cmd boot.scr
#-C ==> set compression type 'comp'
#-A ==> set architecture to 'arch'
#-T ==> set image type to 'type'
#-d ==> use image data from 'datafile'
```

​	将boot.scr文件移动到SD卡的boot分区上。

## 移植根文件系统

​	复制文件到SD卡的rootfs分区上。
